
> nexustrade@0.1.0 build
> next build

▲ Next.js 16.2.3 (Turbopack)
- Environments: .env.local

  Creating an optimized production build ...
✓ Compiled successfully in 5.1s
  Running TypeScript ...
  Finished TypeScript in 6.3s ...
  Collecting page data using 15 workers ...
  Generating static pages using 15 workers (0/18) ...
  Generating static pages using 15 workers (4/18) 
  Generating static pages using 15 workers (8/18) 
  Generating static pages using 15 workers (13/18) 
✓ Generating static pages using 15 workers (18/18) in 470ms
  Finalizing page optimization ...

Route (app)
┌ ƒ /
├ ○ /_not-found
├ ƒ /alerts
├ ƒ /api/gateway/alerts
├ ƒ /api/gateway/alerts/[id]
├ ƒ /api/gateway/candles
├ ƒ /api/gateway/news
├ ƒ /api/gateway/quote
├ ƒ /api/gateway/reports
├ ƒ /api/gateway/reports/[id]
├ ƒ /api/gateway/reports/analyze
├ ƒ /api/gateway/watchlist
├ ƒ /api/gateway/watchlist/[id]
├ ƒ /api/inngest
├ ƒ /api/ws/status
├ ƒ /api/ws/sync
├ ○ /login
├ ○ /reports
├ ○ /signup
├ ƒ /stock/[symbol]
└ ƒ /watchlist


ƒ Proxy (Middleware)

○  (Static)   prerendered as static content
ƒ  (Dynamic)  server-rendered on demand

